Memory Configuration

Name             Origin             Length             Attributes
spifi            0x80000000         0x00800000         xr
ram              0x02000000         0x00004000         xrw

Linker script and memory map

.text           0x80000000     0x2fbc
 *crt0.o(.text .text.*)
                0x80000000                _start
                0x80000092                memset
                0x8000013a       0x6e 
                0x800001a8      0x15e 
                0x80000306       0x98 
                0x80000306                Display<NT35510<RGB16>, 160>::pixel(short, short)
                0x8000039a                non-virtual thunk to Display<NT35510<RGB16>, 160>::pixel(short, short)
                0x8000039e       0x30 
                0x8000039e                NT35510<RGB16>::set_rgb_format()
                0x800003ce       0xdc 
                0x800003ce                NT35510<RGB16>::area(unsigned short, unsigned short, unsigned short, unsigned short, RGB16)
                0x800004aa      0x2b2 
                0x800004aa                Display<NT35510<RGB16>, 160>::putc(unsigned char)
                0x8000075c       0x28 
                0x8000075c                transform_to_display(short*, short*, long, long)
                0x80000784       0xc4 
                0x80000784                print_info()
                0x80000848       0xf2 
                0x80000848                osc_window(int&, int&)
                0x8000093a       0x54 
                0x8000093a                border_draw()
                0x8000098e       0xd6 
                0x8000098e                axis_draw()
                0x80000a64       0xba 
                0x80000a64                data_draw()
                0x80000b1e       0x98 
                0x80000b1e                init()
                0x80000bb6       0x96 
                0x80000bb6                sample(unsigned long)
                0x80000c4c       0x5a 
                0x80000c4c                Display<NT35510<RGB16>, 160>::scroll(unsigned short)
                0x80000ca6      0x202 
                0x80000ca6                Lagrange<8, 30, 12>::init(int)
                0x80000ea8      0x1ca 
                0x80000ea8                void FFT<1602l, 12l>::run<short>(short*)
                0x80001072       0x5c 
                0x80001072                void FFT<1602l, 12l>::sqrt<short>(short*, int)
                0x800010ce       0x9e 
                0x800010ce                Display<NT35510<RGB16>, 160>::pixel(short, short, RGB16)
                0x8000116c       0x92 
                0x8000116c                Display<NT35510<RGB16>, 160>::fill(short, short, short, short)
                0x800011fa                non-virtual thunk to Display<NT35510<RGB16>, 160>::fill(short, short, short, short)
                0x800011fe      0x19e 
                0x800011fe                NT35510<RGB16>::init(unsigned char)
 .text.startup.main
                0x8000139c      0x518 
                0x8000139c                main
                0x800018b4       0xec 
                0x800019b8                delay_us(unsigned long)
                0x800019be                delay_ms(unsigned long)
                0x800019da                sei()
                0x800019e0                cli()
 .text.fix16_sqrt
                0x800019e6                fix16_sqrt
                0x80001a70                PrintF::prints(char const*)
                0x80001a98                PrintF::strlen(char*)
                0x80001aa8                PrintF::prints(char*, char)
                0x80001b36                PrintF::printf(char const*, ...)
                0x80001dec                GFX::w_line(short, short, short)
                0x80001e18                GFX::h_line(short, short, short)
                0x80001e42                MItem::next(int)
                0x80001e70                MItem::select()
                0x80001ed0                MItem::print(PrintF*)
                0x80001fb8                MItem::save(int*)
                0x8000200a                MItem::load(int*)
                0x8000205c                strlen
                0x800020c0                __ashldi3
                0x800020e6                __ashrdi3
                0x80002112                __divdi3
 .rodata        0x800024f8      0x2a0 
                0x80002798                arial_14
                0x80002d6c       0x50 
 .rodata.str1.4
                0x80002dbc       0xd6 
                                 0xbf (size before relaxing)
                0x80002e94       0x24 
                0x80002e94                vtable for Display<NT35510<RGB16>, 160>
 .rodata.str1.4
                0x80002eb8                __clz_tab
 .init_array    0x80002fb8        0x4 

.data           0x02000000      0x504 load address 0x80002fbc
 .small_ram_text
                0x02000000                SystemInit
 .trap_text     0x020000c0       0xee 
                0x020000c0                trap_handler
 .ram_text      0x020001b4      0x202 
 .sdata         0x020003b8       0x14 
                0x020003b8                fps
                0x020003bc                _ft
                0x020003c4                _vt
 .data          0x020003cc      0x138 
                0x020003cc                VType
                0x020003e4                VScale
                0x020003fc                FqScale
                0x02000414                menu
                0x02000434                TType
                0x0200044c                ZeroLevel
                0x02000464                FType
                0x0200047c                SPEC_Menu
                0x02000494                FFT_Menu
                0x020004b8                OSC_Menu
                0x020004e4                MExit
                0x020004f8                _tt

.tdata          0x02000504        0x0

.tbss           0x02000504        0x0

.sbss           0x02000504        0xe load address 0x800034c0
 .sbss          0x02000504        0xe 
                0x02000504                count
                0x02000508                dma

.bss            0x02000514     0x3f50 load address 0x800034d0
 .bss           0x02000514     0x3f2c 
                0x02000514                lcd
                0x02000550                view
                0x0200055c                points2
                0x02000ba0                points
                0x020011e4                enc
                0x020011f4                L
                0x020015bc                buffer
                0x02002240                fft
                0x02004440                PrintF::buffer
 *(COMMON)

.rela.dyn       0x02004464        0x0 load address 0x80007420
                0x02004464        0x0 
                0x02004464        0x0 
 .rela.text     0x02004464        0x0 

.stack          0x02003d00      0x300
 FILL mask 0x00000000

/DISCARD/
