Memory Configuration

Name             Origin             Length             Attributes
spifi            0x80000000         0x00800000         xr
ram              0x02000000         0x00004000         xrw

Linker script and memory map

.text           0x80000000     0x1528
 *crt0.o(.text .text.*)
                0x80000000                _start
                0x80000090                SmallSystemInit
                0x80000092       0x24 
                0x80000092                ST7735_SOFT<RGB16>::send_command(unsigned char)
                0x800000b6       0x36 
                0x800000b6                ST7735_SOFT<RGB16>::send_byte(unsigned char)
                0x800000ec       0x34 
                0x800000ec                ST7735_SOFT<RGB16>::send_word(unsigned short)
                0x80000120       0x70 
                0x80000120                IDriver::set_addr(unsigned short, unsigned short, unsigned short, unsigned short)
                0x80000190       0x60 
                0x80000190                ST7735_SOFT<RGB16>::pixel(short, short, RGB16)
                0x800001f0       0x2e 
                0x800001f0                Display<ST7735_SOFT<RGB16>, 160>::pixel(short, short)
                0x8000021a                non-virtual thunk to Display<ST7735_SOFT<RGB16>, 160>::pixel(short, short)
                0x8000021e      0x1aa 
                0x8000021e                ST7735_SOFT<RGB16>::init(unsigned char)
                0x800003c8       0xa2 
                0x800003c8                ST7735_SOFT<RGB16>::area(unsigned short, unsigned short, unsigned short, unsigned short, RGB16)
                0x8000046a       0x8e 
                0x8000046a                Display<ST7735_SOFT<RGB16>, 160>::fill(short, short, short, short)
                0x800004f4                non-virtual thunk to Display<ST7735_SOFT<RGB16>, 160>::fill(short, short, short, short)
                0x800004f8      0x2a8 
                0x800004f8                Display<ST7735_SOFT<RGB16>, 160>::putc(unsigned char)
                0x8000079c                non-virtual thunk to Display<ST7735_SOFT<RGB16>, 160>::putc(unsigned char)
                0x800007a0       0xbc 
                0x800007a0                Display<ST7735_SOFT<RGB16>, 160>::demo(unsigned char)
                0x8000085c       0xe4 
                0x8000085c                Display<ST7735_SOFT<RGB16>, 160>::demo3(unsigned char)
 .text.startup.main
                0x80000940      0x1a8 
                0x80000940                main
                0x80000ae8      0x348 
                0x80000e30                PrintF::prints(char const*)
                0x80000e58                PrintF::h_print(unsigned char)
                0x80000e80                PrintF::strlen(char*)
                0x80000e90                PrintF::prints(char*, char)
                0x80000f1e                PrintF::printf(char const*, ...)
                0x80001336                strlen
 .rodata        0x8000139c       0xe0 
                0x8000147c       0x50 
 .rodata.str1.4
                0x800014cc       0x19 
                0x800014e8       0x3c 
                0x800014e8                vtable for Display<ST7735_SOFT<RGB16>, 160>
 .init_array    0x80001524        0x4 

.data           0x02000000      0x104 load address 0x80001528
 .small_ram_text
                0x02000000                SystemInit
                0x020000c0                trap_handler
                0x020000c4                delay_us(unsigned long)
                0x020000e0                delay_ms(unsigned long)
 .sdata         0x02000100        0x4 
                0x02000100                mode

.tdata          0x02000104        0x0

.tbss           0x02000104        0x0

.sbss           0x02000104       0x9d load address 0x8000162c
 .sbss          0x02000104       0x9d 
                0x02000104                USER_B
                0x02000108                timer
                0x02000110                NT_PORT
                0x02000114                NT_CS
                0x02000118                NT_RS
                0x0200011c                NT_WR
                0x02000120                NT_RD
                0x02000124                L_PORT
                0x02000128                L_CS
                0x0200012c                L_RS
                0x02000130                L_WR
                0x02000134                ILI_8_PORT
                0x02000138                ILI_8_RST
                0x0200013c                ILI_8_CS
                0x02000140                ILI_8_RS
                0x02000144                ILI_8_WR
                0x02000148                ILI_8_RD
                0x0200014c                ST_8_PORT
                0x02000150                ST_8_RST
                0x02000154                ST_8_CS
                0x02000158                ST_8_RS
                0x0200015c                ST_8_WR
                0x02000160                ST_8_RD
                0x02000164                ST_SPI_RST
                0x02000168                ST_SPI_RS
                0x0200016c                ST_SPI_CS
                0x02000170                ILI_SPI_RST
                0x02000174                ILI_SPI_RS
                0x02000178                ILI_SPI_CS
                0x0200017c                ILI_SOFT_CS
                0x02000180                ILI_SOFT_RST
                0x02000184                ILI_SOFT_RS
                0x02000188                ILI_SOFT_SDA
                0x0200018c                ILI_SOFT_SCK
                0x02000190                ST_SOFT_CS
                0x02000194                ST_SOFT_RST
                0x02000198                ST_SOFT_RS
                0x0200019c                ST_SOFT_SDA
                0x020001a0                ST_SOFT_SCK

.bss            0x020001a4      0x160 load address 0x800016cc
 .bss           0x020001a4      0x13c 
                0x020001a4                lcd
                0x020001e0                color
                0x020002e0                PrintF::buffer
 *(COMMON)

.rela.dyn       0x02000304        0x0 load address 0x8000182c
                0x02000304        0x0 
                0x02000304        0x0 
 .rela.text     0x02000304        0x0 
 .rela.trap_text
                0x02000304        0x0 

.stack          0x02003e00      0x200 load address 0x80005328
 FILL mask 0x00000000

/DISCARD/
