Memory Configuration

Name             Origin             Length             Attributes
spifi            0x80000000         0x00800000         xr
ram              0x02000000         0x00004000         xrw

Linker script and memory map

.text           0x80000000     0x1cb8
 *crt0.o(.text .text.*)
                0x80000000                _start
                0x80000090                SmallSystemInit
                0x80000092       0x24 
                0x80000092                ILI9486_8<RGB16>::send_command(unsigned char)
                0x800000b6       0x14 
                0x800000b6                ILI9486_8<RGB16>::send_byte(unsigned char)
                0x800000ca       0x22 
                0x800000ca                ILI9486_8<RGB16>::send_word(unsigned short)
                0x800000ec       0x70 
                0x800000ec                IDriver::set_addr(unsigned short, unsigned short, unsigned short, unsigned short)
                0x8000015c      0x208 
                0x8000015c                ILI9486_8<RGB16>::init(unsigned char)
                0x80000364       0x58 
                0x80000364                ILI9486_8<RGB16>::pixel(short, short, RGB16)
                0x800003bc       0x2e 
                0x800003bc                Display<ILI9486_8<RGB16>, 96>::pixel(short, short)
                0x800003e6                non-virtual thunk to Display<ILI9486_8<RGB16>, 96>::pixel(short, short)
                0x800003ea       0x86 
                0x800003ea                ILI9486_8<RGB16>::area(unsigned short, unsigned short, unsigned short, unsigned short, RGB16)
                0x80000470       0x8e 
                0x80000470                Display<ILI9486_8<RGB16>, 96>::fill(short, short, short, short)
                0x800004fa                non-virtual thunk to Display<ILI9486_8<RGB16>, 96>::fill(short, short, short, short)
                0x800004fe      0x292 
                0x800004fe                Display<ILI9486_8<RGB16>, 96>::putc(unsigned char)
                0x8000078c                non-virtual thunk to Display<ILI9486_8<RGB16>, 96>::putc(unsigned char)
 .text.startup.main
                0x80000790      0x264 
                0x80000790                main
                0x800009f4      0x35e 
                0x80000d52                RCC_GetClocksFreq(RCC_ClocksTypeDef*)
                0x80000dac                PrintF::prints(char const*)
                0x80000dd4                PrintF::strlen(char*)
                0x80000de4                PrintF::prints(char*, char)
                0x80000e72                PrintF::printf(char const*, ...)
                0x800011d0                strlen
 .rodata        0x80001234       0xde 
                0x80001314                serif_18i
                0x80001ba4       0x50 
 .rodata.str1.4
                0x80001bf4       0x81 
                0x80001c78       0x3c 
                0x80001c78                vtable for Display<ILI9486_8<RGB16>, 96>
 .init_array    0x80001cb4        0x4 

.data           0x02000000      0x10c load address 0x80001cb8
 .small_ram_text
                0x02000000                SystemInit
                0x020000c0                trap_handler
                0x020000c4                delay_us(unsigned long)
                0x020000e0                delay_ms(unsigned long)
 .sdata         0x02000100        0xc 
                0x02000100                eeprom
                0x02000104                ram
                0x02000108                ee

.tdata          0x0200010c        0x0

.tbss           0x0200010c        0x0

.sbss           0x0200010c       0x61 load address 0x80001dc4
 .sbss          0x0200010c       0x61 
                0x0200010c                k
                0x02000110                tim0
                0x02000118                USER_SW
                0x0200011c                NT_PORT
                0x02000120                NT_CS
                0x02000124                NT_RS
                0x02000128                NT_WR
                0x0200012c                NT_RD
                0x02000130                ILI_8_PORT
                0x02000134                ILI_8_RST
                0x02000138                ILI_8_CS
                0x0200013c                ILI_8_RS
                0x02000140                ILI_8_WR
                0x02000144                ILI_8_RD
                0x02000148                ILI_SOFT_CS
                0x0200014c                ILI_SOFT_RST
                0x02000150                ILI_SOFT_RS
                0x02000154                ILI_SOFT_SDA
                0x02000158                ILI_SOFT_SCK
                0x0200015c                ST_SOFT_CS
                0x02000160                ST_SOFT_RST
                0x02000164                ST_SOFT_RS
                0x02000168                ST_SOFT_SDA
                0x0200016c                ST_SOFT_SCK

.bss            0x02000170      0x174 load address 0x80001e28
 .bss           0x02000170      0x150 
                0x02000170                lcd
                0x020001ac                RCC_Clocks
                0x020001c0                color
                0x020002c0                PrintF::buffer
 *(COMMON)

.rela.dyn       0x020002e4        0x0 load address 0x80001f9c
                0x020002e4        0x0 
                0x020002e4        0x0 
 .rela.text     0x020002e4        0x0 
 .rela.trap_text
                0x020002e4        0x0 

.stack          0x02003d00      0x300 load address 0x800059b8
 FILL mask 0x00000000

/DISCARD/
